<?xml version="1.0" encoding="UTF-8"?>
<TestRun id="77c4bb4e-acf8-4f46-8774-29eb673f02b8" name="john@GABRIEL 2014-11-18 11:46:35" runUser="HILLBOX\john" xmlns="http://microsoft.com/schemas/VisualStudio/TeamTest/2010">
  <TestSettings name="Default Test Settings" id="c68acb46-7612-4a6d-9eef-08b893c7199b">
    <Deployment runDeploymentRoot="john_GABRIEL 2014-11-18 11_46_35">
      <DeploymentItem filename="D:\WWW\Hillbox\PhotoMosaic\PhotoMosaic\packages\Microsoft.AspNet.WebPages.2.0.20710.0\lib\net40\System.Web.Helpers.dll" />
      <DeploymentItem filename="D:\WWW\Hillbox\PhotoMosaic\PhotoMosaic\packages\Microsoft.AspNet.Mvc.4.0.20710.0\lib\net40\System.Web.Mvc.dll" />
      <DeploymentItem filename="D:\WWW\Hillbox\PhotoMosaic\PhotoMosaic\packages\Microsoft.Web.Infrastructure.1.0.0.0\lib\net40\Microsoft.Web.Infrastructure.dll" />
      <DeploymentItem filename="D:\WWW\Hillbox\PhotoMosaic\PhotoMosaic\packages\Newtonsoft.Json.4.5.6\lib\net40\Newtonsoft.Json.dll" />
      <DeploymentItem filename="D:\WWW\Hillbox\PhotoMosaic\PhotoMosaic\packages\Microsoft.AspNet.WebPages.2.0.20710.0\lib\net40\System.Web.WebPages.Razor.dll" />
      <DeploymentItem filename="D:\WWW\Hillbox\PhotoMosaic\PhotoMosaic\packages\Microsoft.Net.Http.2.0.20710.0\lib\net40\System.Net.Http.dll" />
      <DeploymentItem filename="D:\WWW\Hillbox\PhotoMosaic\PhotoMosaic\packages\Microsoft.AspNet.Razor.2.0.20710.0\lib\net40\System.Web.Razor.dll" />
      <DeploymentItem filename="D:\WWW\Hillbox\PhotoMosaic\PhotoMosaic\packages\Microsoft.AspNet.WebPages.2.0.20710.0\lib\net40\System.Web.WebPages.Deployment.dll" />
      <DeploymentItem filename="D:\WWW\Hillbox\PhotoMosaic\PhotoMosaic\packages\Microsoft.Net.Http.2.0.20710.0\lib\net40\System.Net.Http.WebRequest.dll" />
      <DeploymentItem filename="D:\WWW\Hillbox\PhotoMosaic\PhotoMosaic\packages\Microsoft.AspNet.WebPages.2.0.20710.0\lib\net40\System.Web.WebPages.dll" />
      <DeploymentItem filename="D:\WWW\Hillbox\PhotoMosaic\PhotoMosaic\PhotoMosaic\bin\PhotoMosaic.dll" />
    </Deployment>
    <Execution>
      <TestTypeSpecific />
      <AgentRule name="Execution Agents">
      </AgentRule>
    </Execution>
  </TestSettings>
  <Times creation="2014-11-18T11:46:35.6403828-06:00" queuing="2014-11-18T11:46:36.1570042-06:00" start="2014-11-18T11:46:36.1989980-06:00" finish="2014-11-18T11:46:36.6540936-06:00" />
  <ResultSummary outcome="Warning">
    <Counters total="1" executed="1" passed="1" error="0" failed="0" timeout="0" aborted="0" inconclusive="0" passedButRunAborted="0" notRunnable="0" notExecuted="0" disconnected="0" warning="0" completed="0" inProgress="0" pending="0" />
    <RunInfos>
      <RunInfo computerName="GABRIEL" outcome="Warning" timestamp="2014-11-18T11:46:36.1560276-06:00">
        <Text>Warning: Test Run deployment issue: The assembly or module 'log4net' directly or indirectly referenced by the test container 'd:\www\hillbox\photomosaic\photomosaic\photomosaic.tests\bin\debug\photomosaic.tests.dll' was not found.</Text>
      </RunInfo>
      <RunInfo computerName="GABRIEL" outcome="Warning" timestamp="2014-11-18T11:46:36.1560276-06:00">
        <Text>Warning: Test Run deployment issue: The assembly or module 'Org.Mentalis.Security.Cryptography' directly or indirectly referenced by the test container 'd:\www\hillbox\photomosaic\photomosaic\photomosaic.tests\bin\debug\photomosaic.tests.dll' was not found.</Text>
      </RunInfo>
    </RunInfos>
  </ResultSummary>
  <TestDefinitions>
    <UnitTest name="PhotoSetController_ShouldReturnData" storage="d:\www\hillbox\photomosaic\photomosaic\photomosaic.tests\bin\debug\photomosaic.tests.dll" id="7de4396e-fca4-72a1-ceb2-cbcba73cb319">
      <Execution id="ded32f3c-c63a-421d-8299-f3d220e4e82e" />
      <TestMethod codeBase="D:/WWW/Hillbox/PhotoMosaic/PhotoMosaic/PhotoMosaic.Tests/bin/Debug/PhotoMosaic.Tests.DLL" adapterTypeName="Microsoft.VisualStudio.TestTools.TestTypes.Unit.UnitTestAdapter, Microsoft.VisualStudio.QualityTools.Tips.UnitTest.Adapter, Version=10.0.0.0, Culture=neutral, PublicKeyToken=b03f5f7f11d50a3a" className="PhotoMosaic.Tests.PhotoSetControllerTests, PhotoMosaic.Tests, Version=1.0.0.0, Culture=neutral, PublicKeyToken=null" name="PhotoSetController_ShouldReturnData" />
    </UnitTest>
  </TestDefinitions>
  <TestLists>
    <TestList name="Results Not in a List" id="8c84fa94-04c1-424b-9868-57a2d4851a1d" />
    <TestList name="All Loaded Results" id="19431567-8539-422a-85d7-44ee4e166bda" />
  </TestLists>
  <TestEntries>
    <TestEntry testId="7de4396e-fca4-72a1-ceb2-cbcba73cb319" executionId="ded32f3c-c63a-421d-8299-f3d220e4e82e" testListId="8c84fa94-04c1-424b-9868-57a2d4851a1d" />
  </TestEntries>
  <Results>
    <UnitTestResult executionId="ded32f3c-c63a-421d-8299-f3d220e4e82e" testId="7de4396e-fca4-72a1-ceb2-cbcba73cb319" testName="PhotoSetController_ShouldReturnData" computerName="GABRIEL" duration="00:00:00.2089986" startTime="2014-11-18T11:46:36.2214598-06:00" endTime="2014-11-18T11:46:36.6277254-06:00" testType="13cdc9d9-ddb5-4fa4-a97d-d965ccfc6d4b" outcome="Passed" testListId="8c84fa94-04c1-424b-9868-57a2d4851a1d" relativeResultsDirectory="ded32f3c-c63a-421d-8299-f3d220e4e82e">
    </UnitTestResult>
  </Results>
</TestRun>